This is XeTeX, Version 3.141592653-2.6-0.999996 (TeX Live 2024) (preloaded format=xelatex 2025.1.8)  3 OCT 2025 11:31
entering extended mode
 restricted \write18 enabled.
 %&-line parsing enabled.
**Team2523245_Problem_E.tex
(./Team2523245_Problem_E.tex
LaTeX2e <2023-11-01> patch level 1
L3 programming layer <2024-02-20>
(e:/texlive/texlive/2024/texmf-dist/tex/latex/base/article.cls
Document Class: article 2023/05/17 v1.4n Standard LaTeX document class
(e:/texlive/texlive/2024/texmf-dist/tex/latex/base/size12.clo
File: size12.clo 2023/05/17 v1.4n Standard LaTeX file (size option)
)
\c@part=\count184
\c@section=\count185
\c@subsection=\count186
\c@subsubsection=\count187
\c@paragraph=\count188
\c@subparagraph=\count189
\c@figure=\count190
\c@table=\count191
\abovecaptionskip=\skip48
\belowcaptionskip=\skip49
\bibindent=\dimen140
)
(e:/texlive/texlive/2024/texmf-dist/tex/latex/geometry/geometry.sty
Package: geometry 2020/01/02 v5.9 Page Geometry

(e:/texlive/texlive/2024/texmf-dist/tex/latex/graphics/keyval.sty
Package: keyval 2022/05/29 v1.15 key=value parser (DPC)
\KV@toks@=\toks17
)
(e:/texlive/texlive/2024/texmf-dist/tex/generic/iftex/ifvtex.sty
Package: ifvtex 2019/10/25 v1.7 ifvtex legacy package. Use iftex instead.

(e:/texlive/texlive/2024/texmf-dist/tex/generic/iftex/iftex.sty
Package: iftex 2022/02/03 v1.0f TeX engine tests
))
\Gm@cnth=\count192
\Gm@cntv=\count193
\c@Gm@tempcnt=\count194
\Gm@bindingoffset=\dimen141
\Gm@wd@mp=\dimen142
\Gm@odd@mp=\dimen143
\Gm@even@mp=\dimen144
\Gm@layoutwidth=\dimen145
\Gm@layoutheight=\dimen146
\Gm@layouthoffset=\dimen147
\Gm@layoutvoffset=\dimen148
\Gm@dimlist=\toks18
)
(e:/texlive/texlive/2024/texmf-dist/tex/latex/newtx/newtxtext.sty
Package: newtxtext 2024/02/08 v1.738(Michael Sharpe) latex and unicode latex su
pport for TeXGyreTermesX

`newtxtext' v1.738, 2024/02/08 Text macros taking advantage of TeXGyre Termes a
nd its extensions (msharpe)
(e:/texlive/texlive/2024/texmf-dist/tex/latex/xpatch/xpatch.sty
(e:/texlive/texlive/2024/texmf-dist/tex/latex/l3kernel/expl3.sty
Package: expl3 2024-02-20 L3 programming layer (loader) 

(e:/texlive/texlive/2024/texmf-dist/tex/latex/l3backend/l3backend-xetex.def
File: l3backend-xetex.def 2024-02-20 L3 backend support: XeTeX
\g__graphics_track_int=\count195
\l__pdf_internal_box=\box51
\g__pdf_backend_object_int=\count196
\g__pdf_backend_annotation_int=\count197
\g__pdf_backend_link_int=\count198
))
Package: xpatch 2020/03/25 v0.3a Extending etoolbox patching commands

(e:/texlive/texlive/2024/texmf-dist/tex/latex/l3packages/xparse/xparse.sty
Package: xparse 2024-02-18 L3 Experimental document command parser
)
(e:/texlive/texlive/2024/texmf-dist/tex/latex/etoolbox/etoolbox.sty
Package: etoolbox 2020/10/05 v2.5k e-TeX tools for LaTeX (JAW)
\etb@tempcnta=\count199
))
(e:/texlive/texlive/2024/texmf-dist/tex/latex/xcolor/xcolor.sty
Package: xcolor 2023/11/15 v3.01 LaTeX color extensions (UK)

(e:/texlive/texlive/2024/texmf-dist/tex/latex/graphics-cfg/color.cfg
File: color.cfg 2016/01/02 v1.6 sample color configuration
)
Package xcolor Info: Driver file: xetex.def on input line 274.

(e:/texlive/texlive/2024/texmf-dist/tex/latex/graphics-def/xetex.def
File: xetex.def 2022/09/22 v5.0n Graphics/color driver for xetex
)
(e:/texlive/texlive/2024/texmf-dist/tex/latex/graphics/mathcolor.ltx)
Package xcolor Info: Model `cmy' substituted by `cmy0' on input line 1350.
Package xcolor Info: Model `RGB' extended on input line 1366.
Package xcolor Info: Model `HTML' substituted by `rgb' on input line 1368.
Package xcolor Info: Model `Hsb' substituted by `hsb' on input line 1369.
Package xcolor Info: Model `tHsb' substituted by `hsb' on input line 1370.
Package xcolor Info: Model `HSB' substituted by `hsb' on input line 1371.
Package xcolor Info: Model `Gray' substituted by `gray' on input line 1372.
Package xcolor Info: Model `wave' substituted by `hsb' on input line 1373.
)
(e:/texlive/texlive/2024/texmf-dist/tex/latex/xkeyval/xkeyval.sty
Package: xkeyval 2022/06/16 v2.9 package option processing (HA)

(e:/texlive/texlive/2024/texmf-dist/tex/generic/xkeyval/xkeyval.tex
(e:/texlive/texlive/2024/texmf-dist/tex/generic/xkeyval/xkvutils.tex
\XKV@toks=\toks19
\XKV@tempa@toks=\toks20
)
\XKV@depth=\count266
File: xkeyval.tex 2014/12/03 v2.7a key=value parser (HA)
))
(e:/texlive/texlive/2024/texmf-dist/tex/latex/base/textcomp.sty
Package: textcomp 2020/02/02 v2.0n Standard LaTeX package
)
(e:/texlive/texlive/2024/texmf-dist/tex/generic/xstring/xstring.sty
(e:/texlive/texlive/2024/texmf-dist/tex/generic/xstring/xstring.tex
\xs_counta=\count267
\xs_countb=\count268
)
Package: xstring 2023/08/22 v1.86 String manipulations (CT)
)
(e:/texlive/texlive/2024/texmf-dist/tex/latex/base/ifthen.sty
Package: ifthen 2022/04/13 v1.1d Standard LaTeX ifthen package (DPC)
)
(e:/texlive/texlive/2024/texmf-dist/tex/latex/carlisle/scalefnt.sty)
LaTeX Font Info:    Setting ntxLF sub-encoding to TS1/0 on input line 24.
LaTeX Font Info:    Setting ntxTLF sub-encoding to TS1/0 on input line 24.
LaTeX Font Info:    Setting ntxOsF sub-encoding to TS1/0 on input line 24.
LaTeX Font Info:    Setting ntxTOsF sub-encoding to TS1/0 on input line 24.

(e:/texlive/texlive/2024/texmf-dist/tex/generic/kastrup/binhex.tex)
\ntx@tmpcnta=\count269
\ntx@cnt=\count270

(e:/texlive/texlive/2024/texmf-dist/tex/latex/fontspec/fontspec.sty
Package: fontspec 2024/02/13 v2.9a Font selection for XeLaTeX and LuaLaTeX

(e:/texlive/texlive/2024/texmf-dist/tex/latex/fontspec/fontspec-xetex.sty
Package: fontspec-xetex 2024/02/13 v2.9a Font selection for XeLaTeX and LuaLaTe
X
\l__fontspec_script_int=\count271
\l__fontspec_language_int=\count272
\l__fontspec_strnum_int=\count273
\l__fontspec_tmp_int=\count274
\l__fontspec_tmpa_int=\count275
\l__fontspec_tmpb_int=\count276
\l__fontspec_tmpc_int=\count277
\l__fontspec_em_int=\count278
\l__fontspec_emdef_int=\count279
\l__fontspec_strong_int=\count280
\l__fontspec_strongdef_int=\count281
\l__fontspec_tmpa_dim=\dimen149
\l__fontspec_tmpb_dim=\dimen150
\l__fontspec_tmpc_dim=\dimen151

(e:/texlive/texlive/2024/texmf-dist/tex/latex/base/fontenc.sty
Package: fontenc 2021/04/29 v2.0v Standard LaTeX package
)
(e:/texlive/texlive/2024/texmf-dist/tex/latex/fontspec/fontspec.cfg)))
LaTeX Info: Redefining \oldstylenums on input line 605.
LaTeX Info: Redefining \liningnums on input line 609.
\tx@sixem=\dimen152
\tx@y=\dimen153
\tx@x=\dimen154
\tx@tmpdima=\dimen155
\tx@tmpdimb=\dimen156
\tx@tmpdimc=\dimen157
\tx@tmpdimd=\dimen158
\tx@tmpdime=\dimen159
\tx@tmpdimf=\dimen160
\tx@dimA=\dimen161
\tx@dimAA=\dimen162
\tx@dimB=\dimen163
\tx@dimBB=\dimen164
\tx@dimC=\dimen165
)
(e:/texlive/texlive/2024/texmf-dist/tex/latex/amsmath/amsmath.sty
Package: amsmath 2023/05/13 v2.17o AMS math features
\@mathmargin=\skip50

For additional information on amsmath, use the `?' option.
(e:/texlive/texlive/2024/texmf-dist/tex/latex/amsmath/amstext.sty
Package: amstext 2021/08/26 v2.01 AMS text

(e:/texlive/texlive/2024/texmf-dist/tex/latex/amsmath/amsgen.sty
File: amsgen.sty 1999/11/30 v2.0 generic functions
\@emptytoks=\toks21
\ex@=\dimen166
))
(e:/texlive/texlive/2024/texmf-dist/tex/latex/amsmath/amsbsy.sty
Package: amsbsy 1999/11/29 v1.2d Bold Symbols
\pmbraise@=\dimen167
)
(e:/texlive/texlive/2024/texmf-dist/tex/latex/amsmath/amsopn.sty
Package: amsopn 2022/04/08 v2.04 operator names
)
\inf@bad=\count282
LaTeX Info: Redefining \frac on input line 234.
\uproot@=\count283
\leftroot@=\count284
LaTeX Info: Redefining \overline on input line 399.
LaTeX Info: Redefining \colon on input line 410.
\classnum@=\count285
\DOTSCASE@=\count286
LaTeX Info: Redefining \ldots on input line 496.
LaTeX Info: Redefining \dots on input line 499.
LaTeX Info: Redefining \cdots on input line 620.
\Mathstrutbox@=\box52
\strutbox@=\box53
LaTeX Info: Redefining \big on input line 722.
LaTeX Info: Redefining \Big on input line 723.
LaTeX Info: Redefining \bigg on input line 724.
LaTeX Info: Redefining \Bigg on input line 725.
\big@size=\dimen168
LaTeX Font Info:    Redeclaring font encoding OML on input line 743.
LaTeX Font Info:    Redeclaring font encoding OMS on input line 744.
\macc@depth=\count287
LaTeX Info: Redefining \bmod on input line 905.
LaTeX Info: Redefining \pmod on input line 910.
LaTeX Info: Redefining \smash on input line 940.
LaTeX Info: Redefining \relbar on input line 970.
LaTeX Info: Redefining \Relbar on input line 971.
\c@MaxMatrixCols=\count288
\dotsspace@=\muskip16
\c@parentequation=\count289
\dspbrk@lvl=\count290
\tag@help=\toks22
\row@=\count291
\column@=\count292
\maxfields@=\count293
\andhelp@=\toks23
\eqnshift@=\dimen169
\alignsep@=\dimen170
\tagshift@=\dimen171
\tagwidth@=\dimen172
\totwidth@=\dimen173
\lineht@=\dimen174
\@envbody=\toks24
\multlinegap=\skip51
\multlinetaggap=\skip52
\mathdisplay@stack=\toks25
LaTeX Info: Redefining \[ on input line 2953.
LaTeX Info: Redefining \] on input line 2954.
)
(e:/texlive/texlive/2024/texmf-dist/tex/latex/amsfonts/amssymb.sty
Package: amssymb 2013/01/14 v3.01 AMS font symbols

(e:/texlive/texlive/2024/texmf-dist/tex/latex/amsfonts/amsfonts.sty
Package: amsfonts 2013/01/14 v3.01 Basic AMSFonts support
\symAMSa=\mathgroup4
\symAMSb=\mathgroup5
LaTeX Font Info:    Redeclaring math symbol \hbar on input line 98.
LaTeX Font Info:    Overwriting math alphabet `\mathfrak' in version `bold'
(Font)                  U/euf/m/n --> U/euf/b/n on input line 106.
))
(e:/texlive/texlive/2024/texmf-dist/tex/latex/amscls/amsthm.sty
Package: amsthm 2020/05/29 v2.20.6
\thm@style=\toks26
\thm@bodyfont=\toks27
\thm@headfont=\toks28
\thm@notefont=\toks29
\thm@headpunct=\toks30
\thm@preskip=\skip53
\thm@postskip=\skip54
\thm@headsep=\skip55
\dth@everypar=\toks31
)
(e:/texlive/texlive/2024/texmf-dist/tex/latex/newtx/newtxmath.sty
Package: newtxmath 2024/03/06 v1.742

`newtxmath' v1.742, 2024/03/06 Math macros based originally on txfonts (msharpe
) (e:/texlive/texlive/2024/texmf-dist/tex/latex/oberdiek/centernot.sty
Package: centernot 2016/05/16 v1.4 Centers the not symbol horizontally (HO)
)
\tx@cntz=\count294

(e:/texlive/texlive/2024/texmf-dist/tex/generic/kastrup/binhex.tex)
\tx@Isdigit=\count295
\tx@IsAlNum=\count296
\tx@tA=\toks32
\tx@tB=\toks33
\tx@su=\read2

amsthm NOT loaded
LaTeX Font Info:    Redeclaring symbol font `operators' on input line 393.
LaTeX Font Info:    Overwriting symbol font `operators' in version `normal'
(Font)                  OT1/cmr/m/n --> OT1/minntx/m/n on input line 393.
LaTeX Font Info:    Overwriting symbol font `operators' in version `bold'
(Font)                  OT1/cmr/bx/n --> OT1/minntx/m/n on input line 393.
LaTeX Font Info:    Overwriting symbol font `operators' in version `bold'
(Font)                  OT1/minntx/m/n --> OT1/minntx/b/n on input line 394.
LaTeX Font Info:    Redeclaring math alphabet \mathsf on input line 401.
LaTeX Font Info:    Overwriting math alphabet `\mathsf' in version `normal'
(Font)                  OT1/cmss/m/n --> OT1/lmss/m/n on input line 401.
LaTeX Font Info:    Overwriting math alphabet `\mathsf' in version `bold'
(Font)                  OT1/cmss/bx/n --> OT1/lmss/m/n on input line 401.
LaTeX Font Info:    Overwriting math alphabet `\mathsf' in version `bold'
(Font)                  OT1/lmss/m/n --> OT1/lmss/b/n on input line 403.
LaTeX Font Info:    Redeclaring math alphabet \mathit on input line 410.
LaTeX Font Info:    Overwriting math alphabet `\mathit' in version `normal'
(Font)                  OT1/cmr/m/it --> OT1/minntx/m/it on input line 410.
LaTeX Font Info:    Overwriting math alphabet `\mathit' in version `bold'
(Font)                  OT1/cmr/bx/it --> OT1/minntx/m/it on input line 410.
LaTeX Font Info:    Redeclaring math alphabet \mathtt on input line 411.
LaTeX Font Info:    Overwriting math alphabet `\mathtt' in version `normal'
(Font)                  OT1/cmtt/m/n --> TU/lmtt/m/n on input line 411.
LaTeX Font Info:    Overwriting math alphabet `\mathtt' in version `bold'
(Font)                  OT1/cmtt/m/n --> TU/lmtt/m/n on input line 411.
LaTeX Font Info:    Redeclaring math alphabet \mathbf on input line 413.
LaTeX Font Info:    Overwriting math alphabet `\mathbf' in version `normal'
(Font)                  OT1/cmr/bx/n --> OT1/minntx/b/n on input line 413.
LaTeX Font Info:    Overwriting math alphabet `\mathbf' in version `bold'
(Font)                  OT1/cmr/bx/n --> OT1/minntx/b/n on input line 413.
LaTeX Font Info:    Overwriting math alphabet `\mathit' in version `bold'
(Font)                  OT1/minntx/m/it --> OT1/minntx/b/it on input line 414.
LaTeX Font Info:    Overwriting math alphabet `\mathtt' in version `bold'
(Font)                  TU/lmtt/m/n --> TU/lmtt/b/n on input line 417.
LaTeX Font Info:    Redeclaring symbol font `letters' on input line 519.
LaTeX Font Info:    Overwriting symbol font `letters' in version `normal'
(Font)                  OML/cmm/m/it --> OML/ntxmi/m/it on input line 519.
LaTeX Font Info:    Overwriting symbol font `letters' in version `bold'
(Font)                  OML/cmm/b/it --> OML/ntxmi/m/it on input line 519.
LaTeX Font Info:    Overwriting symbol font `letters' in version `bold'
(Font)                  OML/ntxmi/m/it --> OML/ntxmi/b/it on input line 520.
\symlettersA=\mathgroup6
LaTeX Font Info:    Overwriting symbol font `lettersA' in version `bold'
(Font)                  U/ntxmia/m/it --> U/ntxmia/b/it on input line 565.
LaTeX Font Info:    Redeclaring math alphabet \mathfrak on input line 567.
LaTeX Font Info:    Redeclaring symbol font `symbols' on input line 587.
LaTeX Font Info:    Encoding `OMS' has changed to `LMS' for symbol font
(Font)              `symbols' in the math version `normal' on input line 587.
LaTeX Font Info:    Overwriting symbol font `symbols' in version `normal'
(Font)                  OMS/cmsy/m/n --> LMS/ntxsy/m/n on input line 587.
LaTeX Font Info:    Encoding `OMS' has changed to `LMS' for symbol font
(Font)              `symbols' in the math version `bold' on input line 587.
LaTeX Font Info:    Overwriting symbol font `symbols' in version `bold'
(Font)                  OMS/cmsy/b/n --> LMS/ntxsy/m/n on input line 587.
LaTeX Font Info:    Overwriting symbol font `symbols' in version `bold'
(Font)                  LMS/ntxsy/m/n --> LMS/ntxsy/b/n on input line 588.
\symAMSm=\mathgroup7
LaTeX Font Info:    Overwriting symbol font `AMSm' in version `bold'
(Font)                  U/ntxsym/m/n --> U/ntxsym/b/n on input line 613.
\symsymbolsC=\mathgroup8
LaTeX Font Info:    Overwriting symbol font `symbolsC' in version `bold'
(Font)                  U/ntxsyc/m/n --> U/ntxsyc/b/n on input line 634.
LaTeX Font Info:    Redeclaring symbol font `largesymbols' on input line 647.
LaTeX Font Info:    Encoding `OMX' has changed to `LMX' for symbol font
(Font)              `largesymbols' in the math version `normal' on input line 6
47.
LaTeX Font Info:    Overwriting symbol font `largesymbols' in version `normal'
(Font)                  OMX/cmex/m/n --> LMX/ntxexx/m/n on input line 647.
LaTeX Font Info:    Encoding `OMX' has changed to `LMX' for symbol font
(Font)              `largesymbols' in the math version `bold' on input line 647
.
LaTeX Font Info:    Overwriting symbol font `largesymbols' in version `bold'
(Font)                  OMX/cmex/m/n --> LMX/ntxexx/m/n on input line 647.
LaTeX Font Info:    Overwriting symbol font `largesymbols' in version `bold'
(Font)                  LMX/ntxexx/m/n --> LMX/ntxexx/b/n on input line 648.
\symlargesymbolsTXA=\mathgroup9
LaTeX Font Info:    Overwriting symbol font `largesymbolsTXA' in version `bold'

(Font)                  U/ntxexa/m/n --> U/ntxexa/b/n on input line 662.
\tx@sbptoks=\toks34
LaTeX Font Info:    Redeclaring math delimiter \lfloor on input line 885.
LaTeX Font Info:    Redeclaring math delimiter \rfloor on input line 886.
LaTeX Font Info:    Redeclaring math delimiter \lceil on input line 887.
LaTeX Font Info:    Redeclaring math delimiter \rceil on input line 888.
LaTeX Font Info:    Redeclaring math delimiter \lbrace on input line 893.
LaTeX Font Info:    Redeclaring math delimiter \rbrace on input line 894.
LaTeX Font Info:    Redeclaring math delimiter \langle on input line 896.
LaTeX Font Info:    Redeclaring math delimiter \rangle on input line 898.
LaTeX Font Info:    Redeclaring math delimiter \arrowvert on input line 902.
LaTeX Font Info:    Redeclaring math delimiter \vert on input line 903.
LaTeX Font Info:    Redeclaring math accent \dot on input line 974.
LaTeX Font Info:    Redeclaring math accent \ddot on input line 975.
LaTeX Font Info:    Redeclaring math accent \vec on input line 2048.
LaTeX Info: Redefining \Bbbk on input line 2838.
LaTeX Info: Redefining \not on input line 2986.
LaTeX Info: Redefining \textsquare on input line 3016.
LaTeX Info: Redefining \openbox on input line 3018.
) (e:/texlive/texlive/2024/texmf-dist/tex/latex/graphics/graphicx.sty
Package: graphicx 2021/09/16 v1.2d Enhanced LaTeX Graphics (DPC,SPQR)

(e:/texlive/texlive/2024/texmf-dist/tex/latex/graphics/graphics.sty
Package: graphics 2022/03/10 v1.4e Standard LaTeX Graphics (DPC,SPQR)

(e:/texlive/texlive/2024/texmf-dist/tex/latex/graphics/trig.sty
Package: trig 2021/08/11 v1.11 sin cos tan (DPC)
)
(e:/texlive/texlive/2024/texmf-dist/tex/latex/graphics-cfg/graphics.cfg
File: graphics.cfg 2016/06/04 v1.11 sample graphics configuration
)
Package graphics Info: Driver file: pdftex.def on input line 107.

(e:/texlive/texlive/2024/texmf-dist/tex/latex/graphics-def/pdftex.def
File: pdftex.def 2022/09/22 v1.2b Graphics/color driver for pdftex
))
\Gin@req@height=\dimen175
\Gin@req@width=\dimen176
)
(e:/texlive/texlive/2024/texmf-dist/tex/latex/fancyhdr/fancyhdr.sty
Package: fancyhdr 2022/11/09 v4.1 Extensive control of page headers and footers

\f@nch@headwidth=\skip56
\f@nch@O@elh=\skip57
\f@nch@O@erh=\skip58
\f@nch@O@olh=\skip59
\f@nch@O@orh=\skip60
\f@nch@O@elf=\skip61
\f@nch@O@erf=\skip62
\f@nch@O@olf=\skip63
\f@nch@O@orf=\skip64
)
(e:/texlive/texlive/2024/texmf-dist/tex/latex/booktabs/booktabs.sty
Package: booktabs 2020/01/12 v1.61803398 Publication quality tables
\heavyrulewidth=\dimen177
\lightrulewidth=\dimen178
\cmidrulewidth=\dimen179
\belowrulesep=\dimen180
\belowbottomsep=\dimen181
\aboverulesep=\dimen182
\abovetopsep=\dimen183
\cmidrulesep=\dimen184
\cmidrulekern=\dimen185
\defaultaddspace=\dimen186
\@cmidla=\count297
\@cmidlb=\count298
\@aboverulesep=\dimen187
\@belowrulesep=\dimen188
\@thisruleclass=\count299
\@lastruleclass=\count300
\@thisrulewidth=\dimen189
)
(e:/texlive/texlive/2024/texmf-dist/tex/latex/caption/subcaption.sty
Package: subcaption 2023/07/28 v1.6b Sub-captions (AR)

(e:/texlive/texlive/2024/texmf-dist/tex/latex/caption/caption.sty
Package: caption 2023/08/05 v3.6o Customizing captions (AR)

(e:/texlive/texlive/2024/texmf-dist/tex/latex/caption/caption3.sty
Package: caption3 2023/07/31 v2.4d caption3 kernel (AR)
\caption@tempdima=\dimen190
\captionmargin=\dimen191
\caption@leftmargin=\dimen192
\caption@rightmargin=\dimen193
\caption@width=\dimen194
\caption@indent=\dimen195
\caption@parindent=\dimen196
\caption@hangindent=\dimen197
Package caption Info: Standard document class detected.
)
\c@caption@flags=\count301
\c@continuedfloat=\count302
)
Package caption Info: New subtype `subfigure' on input line 238.
\c@subfigure=\count303
Package caption Info: New subtype `subtable' on input line 238.
\c@subtable=\count304
)
\c@theorem=\count305
\c@definition=\count306

(e:/texlive/texlive/2024/texmf-dist/tex/latex/newtx/TeXGyreTermesX.fontspec)

Package fontspec Info: TeXGyreTermesX-Regular scale = 1.


Package fontspec Info: TeXGyreTermesX-Regular scale = 1.


Package fontspec Info: TeXGyreTermesX-Regular scale = 1.


Package fontspec Info: TeXGyreTermesX-Bold scale = 1.


Package fontspec Info: TeXGyreTermesX-Bold scale = 1.


Package fontspec Info: TeXGyreTermesX-Italic scale = 1.


Package fontspec Info: TeXGyreTermesX-Italic scale = 1.


Package fontspec Info: TeXGyreTermesX-Slanted scale = 1.


Package fontspec Info: TeXGyreTermesX-Slanted scale = 1.


Package fontspec Info: TeXGyreTermesX-BoldItalic scale = 1.


Package fontspec Info: TeXGyreTermesX-BoldItalic scale = 1.


Package fontspec Info: TeXGyreTermesX-BoldSlanted scale = 1.


Package fontspec Info: TeXGyreTermesX-BoldSlanted scale = 1.


Package fontspec Info: Font family 'TeXGyreTermesX(0)' created for font
(fontspec)             'TeXGyreTermesX' with options [Ligatures = TeX,Scale =
(fontspec)             1,Extension = .otf,SmallCapsFeatures={RawFeature =
(fontspec)             +pcap},RawFeature=-ss05,Ligatures=TeX,Extension =
(fontspec)             .otf,UprightFont = TeXGyreTermesX-Regular,BoldFont =
(fontspec)             TeXGyreTermesX-Bold,ItalicFont =
(fontspec)             TeXGyreTermesX-Italic,BoldItalicFont =
(fontspec)             TeXGyreTermesX-BoldItalic,SlantedFont =
(fontspec)             *-Slanted,BoldSlantedFont= *-BoldSlanted,Numbers =
(fontspec)             {Monospaced,Lining}].
(fontspec)              
(fontspec)              This font family consists of the following NFSS
(fontspec)             series/shapes:
(fontspec)              
(fontspec)             - 'normal' (m/n) with NFSS spec.:
(fontspec)             <->s*[1]"[TeXGyreTermesX-Regular.otf]/OT:script=latn;lan
guage=dflt;-ss05;+tnum;+lnum;mapping=tex-text;"
(fontspec)             - 'small caps'  (m/sc) with NFSS spec.:
(fontspec)             <->s*[1]"[TeXGyreTermesX-Regular.otf]/OT:script=latn;lan
guage=dflt;-ss05;+tnum;+lnum;+smcp;+pcap;mapping=tex-text;"
(fontspec)             - 'bold' (b/n) with NFSS spec.:
(fontspec)             <->s*[1]"[TeXGyreTermesX-Bold.otf]/OT:script=latn;langua
ge=dflt;-ss05;+tnum;+lnum;mapping=tex-text;"
(fontspec)             - 'bold small caps'  (b/sc) with NFSS spec.:
(fontspec)             <->s*[1]"[TeXGyreTermesX-Bold.otf]/OT:script=latn;langua
ge=dflt;-ss05;+tnum;+lnum;+smcp;+pcap;mapping=tex-text;"
(fontspec)             - 'italic' (m/it) with NFSS spec.:
(fontspec)             <->s*[1]"[TeXGyreTermesX-Italic.otf]/OT:script=latn;lang
uage=dflt;-ss05;+tnum;+lnum;mapping=tex-text;"
(fontspec)             - 'italic small caps'  (m/scit) with NFSS spec.:
(fontspec)             <->s*[1]"[TeXGyreTermesX-Italic.otf]/OT:script=latn;lang
uage=dflt;-ss05;+tnum;+lnum;+smcp;+pcap;mapping=tex-text;"
(fontspec)             - 'slanted' (m/sl) with NFSS spec.:
(fontspec)             <->s*[1]"[TeXGyreTermesX-Slanted.otf]/OT:script=latn;lan
guage=dflt;-ss05;+tnum;+lnum;mapping=tex-text;"
(fontspec)             - 'slanted small caps'  (m/scsl) with NFSS spec.:
(fontspec)             <->s*[1]"[TeXGyreTermesX-Slanted.otf]/OT:script=latn;lan
guage=dflt;-ss05;+tnum;+lnum;+smcp;+pcap;mapping=tex-text;"
(fontspec)             - 'bold italic' (b/it) with NFSS spec.:
(fontspec)             <->s*[1]"[TeXGyreTermesX-BoldItalic.otf]/OT:script=latn;
language=dflt;-ss05;+tnum;+lnum;mapping=tex-text;"
(fontspec)             - 'bold italic small caps'  (b/scit) with NFSS spec.:
(fontspec)             <->s*[1]"[TeXGyreTermesX-BoldItalic.otf]/OT:script=latn;
language=dflt;-ss05;+tnum;+lnum;+smcp;+pcap;mapping=tex-text;"
(fontspec)             - 'bold slanted' (b/sl) with NFSS spec.:
(fontspec)             <->s*[1]"[TeXGyreTermesX-BoldSlanted.otf]/OT:script=latn
;language=dflt;-ss05;+tnum;+lnum;mapping=tex-text;"
(fontspec)             - 'bold slanted small caps'  (b/scsl) with NFSS spec.:
(fontspec)             <->s*[1]"[TeXGyreTermesX-BoldSlanted.otf]/OT:script=latn
;language=dflt;-ss05;+tnum;+lnum;+smcp;+pcap;mapping=tex-text;"

LaTeX Font Info:    Font shape `TU/TeXGyreTermesX(0)/m/n' will be
(Font)              scaled to size 12.0pt on input line 23.

(./Team2523245_Problem_E.aux)
\openout1 = `Team2523245_Problem_E.aux'.

LaTeX Font Info:    Checking defaults for OML/ntxmi/m/it on input line 23.
LaTeX Font Info:    Trying to load font information for OML+ntxmi on input line
 23.

(e:/texlive/texlive/2024/texmf-dist/tex/latex/newtx/omlntxmi.fd
File: omlntxmi.fd 2015/08/25 Fontinst v1.933 font definitions for OML/ntxmi.
)
LaTeX Font Info:    ... okay on input line 23.
LaTeX Font Info:    Checking defaults for OMS/cmsy/m/n on input line 23.
LaTeX Font Info:    ... okay on input line 23.
LaTeX Font Info:    Checking defaults for OT1/cmr/m/n on input line 23.
LaTeX Font Info:    ... okay on input line 23.
LaTeX Font Info:    Checking defaults for T1/cmr/m/n on input line 23.
LaTeX Font Info:    ... okay on input line 23.
LaTeX Font Info:    Checking defaults for TS1/cmr/m/n on input line 23.
LaTeX Font Info:    Trying to load font information for TS1+cmr on input line 2
3.

(e:/texlive/texlive/2024/texmf-dist/tex/latex/base/ts1cmr.fd
File: ts1cmr.fd 2023/04/13 v2.5m Standard LaTeX font definitions
)
LaTeX Font Info:    ... okay on input line 23.
LaTeX Font Info:    Checking defaults for TU/lmr/m/n on input line 23.
LaTeX Font Info:    ... okay on input line 23.
LaTeX Font Info:    Checking defaults for OMX/cmex/m/n on input line 23.
LaTeX Font Info:    ... okay on input line 23.
LaTeX Font Info:    Checking defaults for U/ntxexa/m/n on input line 23.
LaTeX Font Info:    Trying to load font information for U+ntxexa on input line 
23.

(e:/texlive/texlive/2024/texmf-dist/tex/latex/newtx/untxexa.fd
File: untxexa.fd 2012/04/16 Fontinst v1.933 font definitions for U/ntxexa.
)
LaTeX Font Info:    ... okay on input line 23.
LaTeX Font Info:    Checking defaults for LMS/ntxsy/m/n on input line 23.
LaTeX Font Info:    Trying to load font information for LMS+ntxsy on input line
 23.

(e:/texlive/texlive/2024/texmf-dist/tex/latex/newtx/lmsntxsy.fd
File: lmsntxsy.fd 2016/07/02 Fontinst v1.933 font definitions for LMS/ntxsy.
)
LaTeX Font Info:    ... okay on input line 23.
LaTeX Font Info:    Checking defaults for LMX/ntxexx/m/n on input line 23.
LaTeX Font Info:    Trying to load font information for LMX+ntxexx on input lin
e 23.

(e:/texlive/texlive/2024/texmf-dist/tex/latex/newtx/lmxntxexx.fd
File: lmxntxexx.fd 2016/07/03 Fontinst v1.933 font definitions for LMX/ntxexx.
)
LaTeX Font Info:    ... okay on input line 23.

*geometry* driver: auto-detecting
*geometry* detected driver: xetex
*geometry* verbose mode - [ preamble ] result:
* driver: xetex
* paper: <default>
* layout: <same size as paper>
* layoutoffset:(h,v)=(0.0pt,0.0pt)
* modes: 
* h-part:(L,W,R)=(72.26999pt, 487.82251pt, 54.2025pt)
* v-part:(T,H,B)=(72.26999pt, 650.43001pt, 72.26999pt)
* \paperwidth=614.295pt
* \paperheight=794.96999pt
* \textwidth=487.82251pt
* \textheight=650.43001pt
* \oddsidemargin=0.0pt
* \evensidemargin=0.0pt
* \topmargin=-37.0pt
* \headheight=12.0pt
* \headsep=25.0pt
* \topskip=12.0pt
* \footskip=30.0pt
* \marginparwidth=44.0pt
* \marginparsep=10.0pt
* \columnsep=10.0pt
* \skip\footins=10.8pt plus 4.0pt minus 2.0pt
* \hoffset=0.0pt
* \voffset=0.0pt
* \mag=1000
* \@twocolumnfalse
* \@twosidefalse
* \@mparswitchfalse
* \@reversemarginfalse
* (1in=72.27pt=25.4mm, 1cm=28.453pt)

LaTeX Info: Command `\dddot' is already robust on input line 23.
LaTeX Info: Command `\ddddot' is already robust on input line 23.
(e:/texlive/texlive/2024/texmf-dist/tex/context/base/mkii/supp-pdf.mkii
[Loading MPS to PDF converter (version 2006.09.02).]
\scratchcounter=\count307
\scratchdimen=\dimen198
\scratchbox=\box54
\nofMPsegments=\count308
\nofMParguments=\count309
\everyMPshowfont=\toks35
\MPscratchCnt=\count310
\MPscratchDim=\dimen199
\MPnumerator=\count311
\makeMPintoPDFobject=\count312
\everyMPtoPDFconversion=\toks36
)
! Undefined control sequence.
<argument> \ifnum \pdfshellescape 
                                  >0 \edef \Gin@extensions {\Gin@extensions ...
l.23 \begin{document}
                     
The control sequence at the end of the top line
of your error message was never \def'ed. If you have
misspelled it (e.g., `\hobx'), type `I' and the correct
spelling (e.g., `I\hbox'). Otherwise just continue,
and I'll forget about whatever was undefined.

! Missing number, treated as zero.
<to be read again> 
                   >
l.23 \begin{document}
                     
A number should have been here; I inserted `0'.
(If you can't figure out why I needed to see a number,
look up `weird error' in the index to The TeXbook.)

Package caption Info: Begin \AtBeginDocument code.
Package caption Info: End \AtBeginDocument code.
LaTeX Font Info:    Trying to load font information for OT1+minntx on input lin
e 33.
(e:/texlive/texlive/2024/texmf-dist/tex/latex/newtx/ot1minntx.fd
File: ot1minntx.fd 2023/09/09 v1.1 font definition file for OT1/minntx
)
LaTeX Font Info:    Trying to load font information for U+msa on input line 33.


(e:/texlive/texlive/2024/texmf-dist/tex/latex/amsfonts/umsa.fd
File: umsa.fd 2013/01/14 v3.01 AMS symbols A
)
LaTeX Font Info:    Trying to load font information for U+msb on input line 33.


(e:/texlive/texlive/2024/texmf-dist/tex/latex/amsfonts/umsb.fd
File: umsb.fd 2013/01/14 v3.01 AMS symbols B
)
LaTeX Font Info:    Trying to load font information for U+ntxmia on input line 
33.

(e:/texlive/texlive/2024/texmf-dist/tex/latex/newtx/untxmia.fd
File: untxmia.fd 2018/04/14 Fontinst v1.933 font definitions for U/ntxmia.
)
LaTeX Font Info:    Trying to load font information for U+ntxsym on input line 
33.

(e:/texlive/texlive/2024/texmf-dist/tex/latex/newtx/untxsym.fd
File: untxsym.fd 2023/08/16 Fontinst v1.933 font definitions for U/ntxsym.
)
LaTeX Font Info:    Trying to load font information for U+ntxsyc on input line 
33.

(e:/texlive/texlive/2024/texmf-dist/tex/latex/newtx/untxsyc.fd
File: untxsyc.fd 2012/04/12 Fontinst v1.933 font definitions for U/ntxsyc.
)
! Undefined control sequence.
\set@color ->\pdfcolorstack 
                            \@pdfcolorstack push{\current@color }\aftergroup...
l.33 \end{tabular}}
                   
The control sequence at the end of the top line
of your error message was never \def'ed. If you have
misspelled it (e.g., `\hobx'), type `I' and the correct
spelling (e.g., `I\hbox'). Otherwise just continue,
and I'll forget about whatever was undefined.

Missing character: There is no ^^@ (U+0000) in font [TeXGyreTermesX-Regular.otf
]/OT:script=latn;language=dflt;-ss05;+tnum;+lnum;mapping=tex-text;!
! Undefined control sequence.
\reset@color ->\pdfcolorstack 
                              \@pdfcolorstack pop\relax 
l.33 \end{tabular}}
                   
The control sequence at the end of the top line
of your error message was never \def'ed. If you have
misspelled it (e.g., `\hobx'), type `I' and the correct
spelling (e.g., `I\hbox'). Otherwise just continue,
and I'll forget about whatever was undefined.

Missing character: There is no ^^@ (U+0000) in font [TeXGyreTermesX-Regular.otf
]/OT:script=latn;language=dflt;-ss05;+tnum;+lnum;mapping=tex-text;!
LaTeX Font Info:    Font shape `TU/TeXGyreTermesX(0)/b/n' will be
(Font)              scaled to size 12.0pt on input line 33.
LaTeX Font Info:    Font shape `TU/TeXGyreTermesX(0)/m/n' will be
(Font)              scaled to size 17.28pt on input line 33.
! Undefined control sequence.
\set@color ->\pdfcolorstack 
                            \@pdfcolorstack push{\current@color }\aftergroup...
l.33 \end{tabular}}
                   
The control sequence at the end of the top line
of your error message was never \def'ed. If you have
misspelled it (e.g., `\hobx'), type `I' and the correct
spelling (e.g., `I\hbox'). Otherwise just continue,
and I'll forget about whatever was undefined.

Missing character: There is no ^^@ (U+0000) in font [TeXGyreTermesX-Regular.otf
]/OT:script=latn;language=dflt;-ss05;+tnum;+lnum;mapping=tex-text;!
! Undefined control sequence.
\reset@color ->\pdfcolorstack 
                              \@pdfcolorstack pop\relax 
l.33 \end{tabular}}
                   
The control sequence at the end of the top line
of your error message was never \def'ed. If you have
misspelled it (e.g., `\hobx'), type `I' and the correct
spelling (e.g., `I\hbox'). Otherwise just continue,
and I'll forget about whatever was undefined.

Missing character: There is no ^^@ (U+0000) in font [TeXGyreTermesX-Regular.otf
]/OT:script=latn;language=dflt;-ss05;+tnum;+lnum;mapping=tex-text;!
! Undefined control sequence.
\set@color ->\pdfcolorstack 
                            \@pdfcolorstack push{\current@color }\aftergroup...
l.33 \end{tabular}}
                   
The control sequence at the end of the top line
of your error message was never \def'ed. If you have
misspelled it (e.g., `\hobx'), type `I' and the correct
spelling (e.g., `I\hbox'). Otherwise just continue,
and I'll forget about whatever was undefined.

Missing character: There is no ^^@ (U+0000) in font [TeXGyreTermesX-Regular.otf
]/OT:script=latn;language=dflt;-ss05;+tnum;+lnum;mapping=tex-text;!
! Undefined control sequence.
\reset@color ->\pdfcolorstack 
                              \@pdfcolorstack pop\relax 
l.33 \end{tabular}}
                   
The control sequence at the end of the top line
of your error message was never \def'ed. If you have
misspelled it (e.g., `\hobx'), type `I' and the correct
spelling (e.g., `I\hbox'). Otherwise just continue,
and I'll forget about whatever was undefined.

Missing character: There is no ^^@ (U+0000) in font [TeXGyreTermesX-Regular.otf
]/OT:script=latn;language=dflt;-ss05;+tnum;+lnum;mapping=tex-text;!
! Undefined control sequence.
\set@color ->\pdfcolorstack 
                            \@pdfcolorstack push{\current@color }\aftergroup...
l.33 \end{tabular}}
                   
The control sequence at the end of the top line
of your error message was never \def'ed. If you have
misspelled it (e.g., `\hobx'), type `I' and the correct
spelling (e.g., `I\hbox'). Otherwise just continue,
and I'll forget about whatever was undefined.

Missing character: There is no ^^@ (U+0000) in font [TeXGyreTermesX-Regular.otf
]/OT:script=latn;language=dflt;-ss05;+tnum;+lnum;mapping=tex-text;!
! Undefined control sequence.
\reset@color ->\pdfcolorstack 
                              \@pdfcolorstack pop\relax 
l.33 \end{tabular}}
                   
The control sequence at the end of the top line
of your error message was never \def'ed. If you have
misspelled it (e.g., `\hobx'), type `I' and the correct
spelling (e.g., `I\hbox'). Otherwise just continue,
and I'll forget about whatever was undefined.

Missing character: There is no ^^@ (U+0000) in font [TeXGyreTermesX-Regular.otf
]/OT:script=latn;language=dflt;-ss05;+tnum;+lnum;mapping=tex-text;!
! Undefined control sequence.
\set@color ->\pdfcolorstack 
                            \@pdfcolorstack push{\current@color }\aftergroup...
l.33 \end{tabular}}
                   
The control sequence at the end of the top line
of your error message was never \def'ed. If you have
misspelled it (e.g., `\hobx'), type `I' and the correct
spelling (e.g., `I\hbox'). Otherwise just continue,
and I'll forget about whatever was undefined.

Missing character: There is no ^^@ (U+0000) in font [TeXGyreTermesX-Regular.otf
]/OT:script=latn;language=dflt;-ss05;+tnum;+lnum;mapping=tex-text;!
! Undefined control sequence.
\reset@color ->\pdfcolorstack 
                              \@pdfcolorstack pop\relax 
l.33 \end{tabular}}
                   
The control sequence at the end of the top line
of your error message was never \def'ed. If you have
misspelled it (e.g., `\hobx'), type `I' and the correct
spelling (e.g., `I\hbox'). Otherwise just continue,
and I'll forget about whatever was undefined.

Missing character: There is no ^^@ (U+0000) in font [TeXGyreTermesX-Regular.otf
]/OT:script=latn;language=dflt;-ss05;+tnum;+lnum;mapping=tex-text;!
! Undefined control sequence.
\set@color ->\pdfcolorstack 
                            \@pdfcolorstack push{\current@color }\aftergroup...
l.47 \clearpage
               
The control sequence at the end of the top line
of your error message was never \def'ed. If you have
misspelled it (e.g., `\hobx'), type `I' and the correct
spelling (e.g., `I\hbox'). Otherwise just continue,
and I'll forget about whatever was undefined.

Missing character: There is no ^^@ (U+0000) in font [TeXGyreTermesX-Regular.otf
]/OT:script=latn;language=dflt;-ss05;+tnum;+lnum;mapping=tex-text;!
! Undefined control sequence.
\reset@color ->\pdfcolorstack 
                              \@pdfcolorstack pop\relax 
l.47 \clearpage
               
The control sequence at the end of the top line
of your error message was never \def'ed. If you have
misspelled it (e.g., `\hobx'), type `I' and the correct
spelling (e.g., `I\hbox'). Otherwise just continue,
and I'll forget about whatever was undefined.

Missing character: There is no ^^@ (U+0000) in font [TeXGyreTermesX-Regular.otf
]/OT:script=latn;language=dflt;-ss05;+tnum;+lnum;mapping=tex-text;!
! Undefined control sequence.
\set@color ->\pdfcolorstack 
                            \@pdfcolorstack push{\current@color }\aftergroup...
l.47 \clearpage
               
The control sequence at the end of the top line
of your error message was never \def'ed. If you have
misspelled it (e.g., `\hobx'), type `I' and the correct
spelling (e.g., `I\hbox'). Otherwise just continue,
and I'll forget about whatever was undefined.

Missing character: There is no ^^@ (U+0000) in font [TeXGyreTermesX-Regular.otf
]/OT:script=latn;language=dflt;-ss05;+tnum;+lnum;mapping=tex-text;!
! Undefined control sequence.
\reset@color ->\pdfcolorstack 
                              \@pdfcolorstack pop\relax 
l.47 \clearpage
               
The control sequence at the end of the top line
of your error message was never \def'ed. If you have
misspelled it (e.g., `\hobx'), type `I' and the correct
spelling (e.g., `I\hbox'). Otherwise just continue,
and I'll forget about whatever was undefined.

Missing character: There is no ^^@ (U+0000) in font [TeXGyreTermesX-Regular.otf
]/OT:script=latn;language=dflt;-ss05;+tnum;+lnum;mapping=tex-text;!
[1

]
LaTeX Font Info:    Font shape `TU/TeXGyreTermesX(0)/b/n' will be
(Font)              scaled to size 17.28pt on input line 49.
 (./Team2523245_Problem_E.toc
! Undefined control sequence.
\set@color ->\pdfcolorstack 
                            \@pdfcolorstack push{\current@color }\aftergroup...
l.5 ...\numberline {4.1}Basic Food Web Model}{3}{}
                                                  %
The control sequence at the end of the top line
of your error message was never \def'ed. If you have
misspelled it (e.g., `\hobx'), type `I' and the correct
spelling (e.g., `I\hbox'). Otherwise just continue,
and I'll forget about whatever was undefined.

Missing character: There is no ^^@ (U+0000) in font [TeXGyreTermesX-Regular.otf
]/OT:script=latn;language=dflt;-ss05;+tnum;+lnum;mapping=tex-text;!

Overfull \hbox (46.09196pt too wide) detected at line 5
 \TU/TeXGyreTermesX(0)/m/n/12 ^^@push0 g 0 G3
 []

! Undefined control sequence.
\reset@color ->\pdfcolorstack 
                              \@pdfcolorstack pop\relax 
l.5 ...\numberline {4.1}Basic Food Web Model}{3}{}
                                                  %
The control sequence at the end of the top line
of your error message was never \def'ed. If you have
misspelled it (e.g., `\hobx'), type `I' and the correct
spelling (e.g., `I\hbox'). Otherwise just continue,
and I'll forget about whatever was undefined.

Missing character: There is no ^^@ (U+0000) in font [TeXGyreTermesX-Regular.otf
]/OT:script=latn;language=dflt;-ss05;+tnum;+lnum;mapping=tex-text;!
! Undefined control sequence.
\set@color ->\pdfcolorstack 
                            \@pdfcolorstack push{\current@color }\aftergroup...
l.6 ...entary Ecology Destroyer Model, EEDM.}{3}{}
                                                  %
The control sequence at the end of the top line
of your error message was never \def'ed. If you have
misspelled it (e.g., `\hobx'), type `I' and the correct
spelling (e.g., `I\hbox'). Otherwise just continue,
and I'll forget about whatever was undefined.

Missing character: There is no ^^@ (U+0000) in font [TeXGyreTermesX-Regular.otf
]/OT:script=latn;language=dflt;-ss05;+tnum;+lnum;mapping=tex-text;!

Overfull \hbox (46.09196pt too wide) detected at line 6
 \TU/TeXGyreTermesX(0)/m/n/12 ^^@push0 g 0 G3
 []

! Undefined control sequence.
\reset@color ->\pdfcolorstack 
                              \@pdfcolorstack pop\relax 
l.6 ...entary Ecology Destroyer Model, EEDM.}{3}{}
                                                  %
The control sequence at the end of the top line
of your error message was never \def'ed. If you have
misspelled it (e.g., `\hobx'), type `I' and the correct
spelling (e.g., `I\hbox'). Otherwise just continue,
and I'll forget about whatever was undefined.

Missing character: There is no ^^@ (U+0000) in font [TeXGyreTermesX-Regular.otf
]/OT:script=latn;language=dflt;-ss05;+tnum;+lnum;mapping=tex-text;!
! Undefined control sequence.
\set@color ->\pdfcolorstack 
                            \@pdfcolorstack push{\current@color }\aftergroup...
l.7 ...tion}{\numberline {4.3}Food Web Model}{5}{}
                                                  %
The control sequence at the end of the top line
of your error message was never \def'ed. If you have
misspelled it (e.g., `\hobx'), type `I' and the correct
spelling (e.g., `I\hbox'). Otherwise just continue,
and I'll forget about whatever was undefined.

Missing character: There is no ^^@ (U+0000) in font [TeXGyreTermesX-Regular.otf
]/OT:script=latn;language=dflt;-ss05;+tnum;+lnum;mapping=tex-text;!

Overfull \hbox (46.09196pt too wide) detected at line 7
 \TU/TeXGyreTermesX(0)/m/n/12 ^^@push0 g 0 G5
 []

! Undefined control sequence.
\reset@color ->\pdfcolorstack 
                              \@pdfcolorstack pop\relax 
l.7 ...tion}{\numberline {4.3}Food Web Model}{5}{}
                                                  %
The control sequence at the end of the top line
of your error message was never \def'ed. If you have
misspelled it (e.g., `\hobx'), type `I' and the correct
spelling (e.g., `I\hbox'). Otherwise just continue,
and I'll forget about whatever was undefined.

Missing character: There is no ^^@ (U+0000) in font [TeXGyreTermesX-Regular.otf
]/OT:script=latn;language=dflt;-ss05;+tnum;+lnum;mapping=tex-text;!
LaTeX Font Info:    Font shape `TU/TeXGyreTermesX(0)/b/it' will be
(Font)              scaled to size 12.0pt on input line 8.
! Undefined control sequence.
\set@color ->\pdfcolorstack 
                            \@pdfcolorstack push{\current@color }\aftergroup...
l.9 ...5.1}Pascal's Triangle is all you need}{7}{}
                                                  %
The control sequence at the end of the top line
of your error message was never \def'ed. If you have
misspelled it (e.g., `\hobx'), type `I' and the correct
spelling (e.g., `I\hbox'). Otherwise just continue,
and I'll forget about whatever was undefined.

Missing character: There is no ^^@ (U+0000) in font [TeXGyreTermesX-Regular.otf
]/OT:script=latn;language=dflt;-ss05;+tnum;+lnum;mapping=tex-text;!

Overfull \hbox (46.09196pt too wide) detected at line 9
 \TU/TeXGyreTermesX(0)/m/n/12 ^^@push0 g 0 G7
 []

! Undefined control sequence.
\reset@color ->\pdfcolorstack 
                              \@pdfcolorstack pop\relax 
l.9 ...5.1}Pascal's Triangle is all you need}{7}{}
                                                  %
The control sequence at the end of the top line
of your error message was never \def'ed. If you have
misspelled it (e.g., `\hobx'), type `I' and the correct
spelling (e.g., `I\hbox'). Otherwise just continue,
and I'll forget about whatever was undefined.

Missing character: There is no ^^@ (U+0000) in font [TeXGyreTermesX-Regular.otf
]/OT:script=latn;language=dflt;-ss05;+tnum;+lnum;mapping=tex-text;!
! Undefined control sequence.
\set@color ->\pdfcolorstack 
                            \@pdfcolorstack push{\current@color }\aftergroup...
l.10 ...cts of reemergence of native species}{7}{}
                                                  %
The control sequence at the end of the top line
of your error message was never \def'ed. If you have
misspelled it (e.g., `\hobx'), type `I' and the correct
spelling (e.g., `I\hbox'). Otherwise just continue,
and I'll forget about whatever was undefined.

Missing character: There is no ^^@ (U+0000) in font [TeXGyreTermesX-Regular.otf
]/OT:script=latn;language=dflt;-ss05;+tnum;+lnum;mapping=tex-text;!

Overfull \hbox (46.09196pt too wide) detected at line 10
 \TU/TeXGyreTermesX(0)/m/n/12 ^^@push0 g 0 G7
 []

! Undefined control sequence.
\reset@color ->\pdfcolorstack 
                              \@pdfcolorstack pop\relax 
l.10 ...cts of reemergence of native species}{7}{}
                                                  %
The control sequence at the end of the top line
of your error message was never \def'ed. If you have
misspelled it (e.g., `\hobx'), type `I' and the correct
spelling (e.g., `I\hbox'). Otherwise just continue,
and I'll forget about whatever was undefined.

Missing character: There is no ^^@ (U+0000) in font [TeXGyreTermesX-Regular.otf
]/OT:script=latn;language=dflt;-ss05;+tnum;+lnum;mapping=tex-text;!
! Undefined control sequence.
\set@color ->\pdfcolorstack 
                            \@pdfcolorstack push{\current@color }\aftergroup...
l.12 ...mberline {6.1}A Stabilized Ecosystem}{9}{}
                                                  %
The control sequence at the end of the top line
of your error message was never \def'ed. If you have
misspelled it (e.g., `\hobx'), type `I' and the correct
spelling (e.g., `I\hbox'). Otherwise just continue,
and I'll forget about whatever was undefined.

Missing character: There is no ^^@ (U+0000) in font [TeXGyreTermesX-Regular.otf
]/OT:script=latn;language=dflt;-ss05;+tnum;+lnum;mapping=tex-text;!

Overfull \hbox (46.09196pt too wide) detected at line 12
 \TU/TeXGyreTermesX(0)/m/n/12 ^^@push0 g 0 G9
 []

! Undefined control sequence.
\reset@color ->\pdfcolorstack 
                              \@pdfcolorstack pop\relax 
l.12 ...mberline {6.1}A Stabilized Ecosystem}{9}{}
                                                  %
The control sequence at the end of the top line
of your error message was never \def'ed. If you have
misspelled it (e.g., `\hobx'), type `I' and the correct
spelling (e.g., `I\hbox'). Otherwise just continue,
and I'll forget about whatever was undefined.

Missing character: There is no ^^@ (U+0000) in font [TeXGyreTermesX-Regular.otf
]/OT:script=latn;language=dflt;-ss05;+tnum;+lnum;mapping=tex-text;!
! Undefined control sequence.
\set@color ->\pdfcolorstack 
                            \@pdfcolorstack push{\current@color }\aftergroup...
l.13 ...}{\numberline {6.1.1}Higher Richness}{9}{}
                                                  %
The control sequence at the end of the top line
of your error message was never \def'ed. If you have
misspelled it (e.g., `\hobx'), type `I' and the correct
spelling (e.g., `I\hbox'). Otherwise just continue,
and I'll forget about whatever was undefined.

Missing character: There is no ^^@ (U+0000) in font [TeXGyreTermesX-Regular.otf
]/OT:script=latn;language=dflt;-ss05;+tnum;+lnum;mapping=tex-text;!

Overfull \hbox (46.09196pt too wide) detected at line 13
 \TU/TeXGyreTermesX(0)/m/n/12 ^^@push0 g 0 G9
 []

! Undefined control sequence.
\reset@color ->\pdfcolorstack 
                              \@pdfcolorstack pop\relax 
l.13 ...}{\numberline {6.1.1}Higher Richness}{9}{}
                                                  %
The control sequence at the end of the top line
of your error message was never \def'ed. If you have
misspelled it (e.g., `\hobx'), type `I' and the correct
spelling (e.g., `I\hbox'). Otherwise just continue,
and I'll forget about whatever was undefined.

Missing character: There is no ^^@ (U+0000) in font [TeXGyreTermesX-Regular.otf
]/OT:script=latn;language=dflt;-ss05;+tnum;+lnum;mapping=tex-text;!
! Undefined control sequence.
\set@color ->\pdfcolorstack 
                            \@pdfcolorstack push{\current@color }\aftergroup...
l.14 ...umberline {6.1.2}Stronger Resistance}{9}{}
                                                  %
The control sequence at the end of the top line
of your error message was never \def'ed. If you have
misspelled it (e.g., `\hobx'), type `I' and the correct
spelling (e.g., `I\hbox'). Otherwise just continue,
and I'll forget about whatever was undefined.

Missing character: There is no ^^@ (U+0000) in font [TeXGyreTermesX-Regular.otf
]/OT:script=latn;language=dflt;-ss05;+tnum;+lnum;mapping=tex-text;!

Overfull \hbox (46.09196pt too wide) detected at line 14
 \TU/TeXGyreTermesX(0)/m/n/12 ^^@push0 g 0 G9
 []

! Undefined control sequence.
\reset@color ->\pdfcolorstack 
                              \@pdfcolorstack pop\relax 
l.14 ...umberline {6.1.2}Stronger Resistance}{9}{}
                                                  %
The control sequence at the end of the top line
of your error message was never \def'ed. If you have
misspelled it (e.g., `\hobx'), type `I' and the correct
spelling (e.g., `I\hbox'). Otherwise just continue,
and I'll forget about whatever was undefined.

Missing character: There is no ^^@ (U+0000) in font [TeXGyreTermesX-Regular.otf
]/OT:script=latn;language=dflt;-ss05;+tnum;+lnum;mapping=tex-text;!
! Undefined control sequence.
\set@color ->\pdfcolorstack 
                            \@pdfcolorstack push{\current@color }\aftergroup...
l.15 ...umberline {6.2}Introduction of bats}{11}{}
                                                  %
The control sequence at the end of the top line
of your error message was never \def'ed. If you have
misspelled it (e.g., `\hobx'), type `I' and the correct
spelling (e.g., `I\hbox'). Otherwise just continue,
and I'll forget about whatever was undefined.

Missing character: There is no ^^@ (U+0000) in font [TeXGyreTermesX-Regular.otf
]/OT:script=latn;language=dflt;-ss05;+tnum;+lnum;mapping=tex-text;!

Overfull \hbox (52.09196pt too wide) detected at line 15
 \TU/TeXGyreTermesX(0)/m/n/12 ^^@push0 g 0 G11
 []

! Undefined control sequence.
\reset@color ->\pdfcolorstack 
                              \@pdfcolorstack pop\relax 
l.15 ...umberline {6.2}Introduction of bats}{11}{}
                                                  %
The control sequence at the end of the top line
of your error message was never \def'ed. If you have
misspelled it (e.g., `\hobx'), type `I' and the correct
spelling (e.g., `I\hbox'). Otherwise just continue,
and I'll forget about whatever was undefined.

Missing character: There is no ^^@ (U+0000) in font [TeXGyreTermesX-Regular.otf
]/OT:script=latn;language=dflt;-ss05;+tnum;+lnum;mapping=tex-text;!
)
\tf@toc=\write3
\openout3 = `Team2523245_Problem_E.toc'.


! Undefined control sequence.
\set@color ->\pdfcolorstack 
                            \@pdfcolorstack push{\current@color }\aftergroup...
l.50 \newpage
             
The control sequence at the end of the top line
of your error message was never \def'ed. If you have
misspelled it (e.g., `\hobx'), type `I' and the correct
spelling (e.g., `I\hbox'). Otherwise just continue,
and I'll forget about whatever was undefined.

Missing character: There is no ^^@ (U+0000) in font [TeXGyreTermesX-Regular.otf
]/OT:script=latn;language=dflt;-ss05;+tnum;+lnum;mapping=tex-text;!

Package fancyhdr Warning: \headheight is too small (12.0pt): 
(fancyhdr)                Make it at least 14.49998pt, for example:
(fancyhdr)                \setlength{\headheight}{14.49998pt}.
(fancyhdr)                You might also make \topmargin smaller to compensate:

(fancyhdr)                \addtolength{\topmargin}{-2.49998pt}.

! Undefined control sequence.
\reset@color ->\pdfcolorstack 
                              \@pdfcolorstack pop\relax 
l.50 \newpage
             
The control sequence at the end of the top line
of your error message was never \def'ed. If you have
misspelled it (e.g., `\hobx'), type `I' and the correct
spelling (e.g., `I\hbox'). Otherwise just continue,
and I'll forget about whatever was undefined.

Missing character: There is no ^^@ (U+0000) in font [TeXGyreTermesX-Regular.otf
]/OT:script=latn;language=dflt;-ss05;+tnum;+lnum;mapping=tex-text;!
! Undefined control sequence.
\set@color ->\pdfcolorstack 
                            \@pdfcolorstack push{\current@color }\aftergroup...
l.50 \newpage
             
The control sequence at the end of the top line
of your error message was never \def'ed. If you have
misspelled it (e.g., `\hobx'), type `I' and the correct
spelling (e.g., `I\hbox'). Otherwise just continue,
and I'll forget about whatever was undefined.

Missing character: There is no ^^@ (U+0000) in font [TeXGyreTermesX-Regular.otf
]/OT:script=latn;language=dflt;-ss05;+tnum;+lnum;mapping=tex-text;!
! Undefined control sequence.
\reset@color ->\pdfcolorstack 
                              \@pdfcolorstack pop\relax 
l.50 \newpage
             
The control sequence at the end of the top line
of your error message was never \def'ed. If you have
misspelled it (e.g., `\hobx'), type `I' and the correct
spelling (e.g., `I\hbox'). Otherwise just continue,
and I'll forget about whatever was undefined.

Missing character: There is no ^^@ (U+0000) in font [TeXGyreTermesX-Regular.otf
]/OT:script=latn;language=dflt;-ss05;+tnum;+lnum;mapping=tex-text;!
[2

]
! Undefined control sequence.
\set@color ->\pdfcolorstack 
                            \@pdfcolorstack push{\current@color }\aftergroup...
l.58 \begin{table}[h]
                     
The control sequence at the end of the top line
of your error message was never \def'ed. If you have
misspelled it (e.g., `\hobx'), type `I' and the correct
spelling (e.g., `I\hbox'). Otherwise just continue,
and I'll forget about whatever was undefined.

Missing character: There is no ^^@ (U+0000) in font [TeXGyreTermesX-Regular.otf
]/OT:script=latn;language=dflt;-ss05;+tnum;+lnum;mapping=tex-text;!

Overfull \hbox (58.692pt too wide) in paragraph at lines 58--68
\TU/TeXGyreTermesX(0)/m/n/12 ^^@push0 g 0 G[] 
 []

! Undefined control sequence.
\reset@color ->\pdfcolorstack 
                              \@pdfcolorstack pop\relax 
l.68 \end{table}
                
The control sequence at the end of the top line
of your error message was never \def'ed. If you have
misspelled it (e.g., `\hobx'), type `I' and the correct
spelling (e.g., `I\hbox'). Otherwise just continue,
and I'll forget about whatever was undefined.

Missing character: There is no ^^@ (U+0000) in font [TeXGyreTermesX-Regular.otf
]/OT:script=latn;language=dflt;-ss05;+tnum;+lnum;mapping=tex-text;!

LaTeX Warning: `h' float specifier changed to `ht'.

LaTeX Font Info:    Font shape `TU/TeXGyreTermesX(0)/m/n' will be
(Font)              scaled to size 14.4pt on input line 75.
LaTeX Font Info:    Font shape `TU/TeXGyreTermesX(0)/b/n' will be
(Font)              scaled to size 14.4pt on input line 75.
! Undefined control sequence.
\set@color ->\pdfcolorstack 
                            \@pdfcolorstack push{\current@color }\aftergroup...
l.79 \begin{figure}[h]
                      
The control sequence at the end of the top line
of your error message was never \def'ed. If you have
misspelled it (e.g., `\hobx'), type `I' and the correct
spelling (e.g., `I\hbox'). Otherwise just continue,
and I'll forget about whatever was undefined.

Missing character: There is no ^^@ (U+0000) in font [TeXGyreTermesX-Regular.otf
]/OT:script=latn;language=dflt;-ss05;+tnum;+lnum;mapping=tex-text;!
! Undefined control sequence.
\Gread@pdftex ...\expandafter \relax \pdffilesize 
                                                  {#1}\relax \expandafter \@...
l.81 ...idth=0.5\textwidth]{./figures/dataset.png}
                                                  
The control sequence at the end of the top line
of your error message was never \def'ed. If you have
misspelled it (e.g., `\hobx'), type `I' and the correct
spelling (e.g., `I\hbox'). Otherwise just continue,
and I'll forget about whatever was undefined.

! Undefined control sequence.
<argument> \pdfximage 
                      \ifnum 0\ifx \Gin@decode \@empty \else 1\fi \ifGin@int...
l.81 ...idth=0.5\textwidth]{./figures/dataset.png}
                                                  
The control sequence at the end of the top line
of your error message was never \def'ed. If you have
misspelled it (e.g., `\hobx'), type `I' and the correct
spelling (e.g., `I\hbox'). Otherwise just continue,
and I'll forget about whatever was undefined.

! Undefined control sequence.
<argument> ...ox \@tempboxa =\hbox {\pdfrefximage 
                                                  \pdflastximage }\def \Gin@...
l.81 ...idth=0.5\textwidth]{./figures/dataset.png}
                                                  
The control sequence at the end of the top line
of your error message was never \def'ed. If you have
misspelled it (e.g., `\hobx'), type `I' and the correct
spelling (e.g., `I\hbox'). Otherwise just continue,
and I'll forget about whatever was undefined.

! Undefined control sequence.
<argument> ...\hbox {\pdfrefximage \pdflastximage 
                                                  }\def \Gin@llx {0}\let \Gi...
l.81 ...idth=0.5\textwidth]{./figures/dataset.png}
                                                  
The control sequence at the end of the top line
of your error message was never \def'ed. If you have
misspelled it (e.g., `\hobx'), type `I' and the correct
spelling (e.g., `I\hbox'). Otherwise just continue,
and I'll forget about whatever was undefined.

! Undefined control sequence.
<argument> ...attr@hash \endcsname {\pdfrefximage 
                                                  \the \pdflastximage }\expa...
l.81 ...idth=0.5\textwidth]{./figures/dataset.png}
                                                  
The control sequence at the end of the top line
of your error message was never \def'ed. If you have
misspelled it (e.g., `\hobx'), type `I' and the correct
spelling (e.g., `I\hbox'). Otherwise just continue,
and I'll forget about whatever was undefined.

! Undefined control sequence.
<argument> ... {\pdfrefximage \the \pdflastximage 
                                                  }\expandafter \xdef \csnam...
l.81 ...idth=0.5\textwidth]{./figures/dataset.png}
                                                  
The control sequence at the end of the top line
of your error message was never \def'ed. If you have
misspelled it (e.g., `\hobx'), type `I' and the correct
spelling (e.g., `I\hbox'). Otherwise just continue,
and I'll forget about whatever was undefined.

! You can't use `end-group character }' after \the.
<argument> ...{\pdfrefximage \the \pdflastximage }
                                                  \expandafter \xdef \csname...
l.81 ...idth=0.5\textwidth]{./figures/dataset.png}
                                                  
I'm forgetting what you said and using zero instead.

! Undefined control sequence.
<argument> ...n@base .png, id=\the \pdflastximage 
                                                  , \ifx \Gin@page \@empty \...
l.81 ...idth=0.5\textwidth]{./figures/dataset.png}
                                                  
The control sequence at the end of the top line
of your error message was never \def'ed. If you have
misspelled it (e.g., `\hobx'), type `I' and the correct
spelling (e.g., `I\hbox'). Otherwise just continue,
and I'll forget about whatever was undefined.

! You can't use `the character ,' after \the.
<argument> ...@base .png, id=\the \pdflastximage ,
                                                   \ifx \Gin@page \@empty \e...
l.81 ...idth=0.5\textwidth]{./figures/dataset.png}
                                                  
I'm forgetting what you said and using zero instead.

! Undefined control sequence.
\GenericError  ...                                
                                                    #4  \errhelp \@err@     ...
l.81 ...idth=0.5\textwidth]{./figures/dataset.png}
                                                  
The control sequence at the end of the top line
of your error message was never \def'ed. If you have
misspelled it (e.g., `\hobx'), type `I' and the correct
spelling (e.g., `I\hbox'). Otherwise just continue,
and I'll forget about whatever was undefined.

! Undefined control sequence.
\GenericError  ...                                
                                                  \let \@err@               ...
l.81 ...idth=0.5\textwidth]{./figures/dataset.png}
                                                  
The control sequence at the end of the top line
of your error message was never \def'ed. If you have
misspelled it (e.g., `\hobx'), type `I' and the correct
spelling (e.g., `I\hbox'). Otherwise just continue,
and I'll forget about whatever was undefined.

! Undefined control sequence.
\GenericError  ...                                
                                                  \@empty \def \MessageBreak...
l.81 ...idth=0.5\textwidth]{./figures/dataset.png}
                                                  
The control sequence at the end of the top line
of your error message was never \def'ed. If you have
misspelled it (e.g., `\hobx'), type `I' and the correct
spelling (e.g., `I\hbox'). Otherwise just continue,
and I'll forget about whatever was undefined.

! Undefined control sequence.
\GenericError  ...                                
                                                     \endgroup 
l.81 ...idth=0.5\textwidth]{./figures/dataset.png}
                                                  
The control sequence at the end of the top line
of your error message was never \def'ed. If you have
misspelled it (e.g., `\hobx'), type `I' and the correct
spelling (e.g., `I\hbox'). Otherwise just continue,
and I'll forget about whatever was undefined.

! Illegal parameter number in definition of \./figures/dataset.png image.
<to be read again> 
                   1
l.81 ...idth=0.5\textwidth]{./figures/dataset.png}
                                                  
You meant to type ## instead of #, right?
Or maybe a } was forgotten somewhere earlier, and things
are all screwed up? I'm going to assume that you meant ##.

! Illegal parameter number in definition of \./figures/dataset.png image.
<to be read again> 
                   1
l.81 ...idth=0.5\textwidth]{./figures/dataset.png}
                                                  
You meant to type ## instead of #, right?
Or maybe a } was forgotten somewhere earlier, and things
are all screwed up? I'm going to assume that you meant ##.

! Argument of \@providesfile has an extra }.
<inserted text> 
                \par 
l.81 ...idth=0.5\textwidth]{./figures/dataset.png}
                                                  
I've run across a `}' that doesn't seem to match anything.
For example, `\def\a#1{...}' and `\a}' would produce
this error. If you simply proceed now, the `\par' that
I've just inserted will cause me to report a runaway
argument that might be the root of the problem. But if
your `}' was spurious, just type `2' and it will go away.

Runaway argument?
{\Gin@base \Gin@ext }
! Paragraph ended before \@providesfile was complete.
<to be read again> 
                   \par 
l.81 ...idth=0.5\textwidth]{./figures/dataset.png}
                                                  
I suspect you've forgotten a `}', causing me to apply this
control sequence to too much text. How can we recover?
My plan is to forget the whole thing and hope for the best.

! Illegal parameter number in definition of \./figures/dataset.png image.
<to be read again> 
                   1
l.81 ...idth=0.5\textwidth]{./figures/dataset.png}
                                                  
You meant to type ## instead of #, right?
Or maybe a } was forgotten somewhere earlier, and things
are all screwed up? I'm going to assume that you meant ##.

! Illegal parameter number in definition of \./figures/dataset.png image.
<to be read again> 
                   1
l.81 ...idth=0.5\textwidth]{./figures/dataset.png}
                                                  
You meant to type ## instead of #, right?
Or maybe a } was forgotten somewhere earlier, and things
are all screwed up? I'm going to assume that you meant ##.

! Illegal parameter number in definition of \./figures/dataset.png image.
<to be read again> 
                   1
l.81 ...idth=0.5\textwidth]{./figures/dataset.png}
                                                  
You meant to type ## instead of #, right?
Or maybe a } was forgotten somewhere earlier, and things
are all screwed up? I'm going to assume that you meant ##.

! Illegal parameter number in definition of \./figures/dataset.png image.
<to be read again> 
                   1
l.81 ...idth=0.5\textwidth]{./figures/dataset.png}
                                                  
You meant to type ## instead of #, right?
Or maybe a } was forgotten somewhere earlier, and things
are all screwed up? I'm going to assume that you meant ##.

! Illegal parameter number in definition of \./figures/dataset.png image.
<to be read again> 
                   1
l.81 ...idth=0.5\textwidth]{./figures/dataset.png}
                                                  
You meant to type ## instead of #, right?
Or maybe a } was forgotten somewhere earlier, and things
are all screwed up? I'm going to assume that you meant ##.

! Illegal parameter number in definition of \./figures/dataset.png image.
<to be read again> 
                   1
l.81 ...idth=0.5\textwidth]{./figures/dataset.png}
                                                  
You meant to type ## instead of #, right?
Or maybe a } was forgotten somewhere earlier, and things
are all screwed up? I'm going to assume that you meant ##.

! Illegal parameter number in definition of \./figures/dataset.png image.
<to be read again> 
                   1
l.81 ...idth=0.5\textwidth]{./figures/dataset.png}
                                                  
You meant to type ## instead of #, right?
Or maybe a } was forgotten somewhere earlier, and things
are all screwed up? I'm going to assume that you meant ##.

! Illegal parameter number in definition of \./figures/dataset.png image.
<to be read again> 
                   1
l.81 ...idth=0.5\textwidth]{./figures/dataset.png}
                                                  
You meant to type ## instead of #, right?
Or maybe a } was forgotten somewhere earlier, and things
are all screwed up? I'm going to assume that you meant ##.

Runaway argument?
##1\savevalue ##2##3\@nil ##4{\def ##4{##2}\ifx ##4\@nnil \def ##4{##\ETC.
! Paragraph ended before \XKV@@ifcmd was complete.
<to be read again> 
                   \par 
l.86 
     
I suspect you've forgotten a `}', causing me to apply this
control sequence to too much text. How can we recover?
My plan is to forget the whole thing and hope for the best.

! Illegal parameter number in definition of \./figures/dataset.png image.
<to be read again> 
                   1
l.88 \textbf{Dataset Preparation. }
                                   Usages of pesticides ($Pest.$), fertilize...
You meant to type ## instead of #, right?
Or maybe a } was forgotten somewhere earlier, and things
are all screwed up? I'm going to assume that you meant ##.

! Illegal parameter number in definition of \./figures/dataset.png image.
<to be read again> 
                   1
l.88 \textbf{Dataset Preparation. }
                                   Usages of pesticides ($Pest.$), fertilize...
You meant to type ## instead of #, right?
Or maybe a } was forgotten somewhere earlier, and things
are all screwed up? I'm going to assume that you meant ##.

! Illegal parameter number in definition of \./figures/dataset.png image.
<to be read again> 
                   1
l.88 \textbf{Dataset Preparation. }
                                   Usages of pesticides ($Pest.$), fertilize...
You meant to type ## instead of #, right?
Or maybe a } was forgotten somewhere earlier, and things
are all screwed up? I'm going to assume that you meant ##.

! Illegal parameter number in definition of \./figures/dataset.png image.
<to be read again> 
                   1
l.88 \textbf{Dataset Preparation. }
                                   Usages of pesticides ($Pest.$), fertilize...
You meant to type ## instead of #, right?
Or maybe a } was forgotten somewhere earlier, and things
are all screwed up? I'm going to assume that you meant ##.

! Illegal parameter number in definition of \./figures/dataset.png image.
<to be read again> 
                   1
l.88 ....}. All the datas are collected from \cite
                                                  {1}\cite{2}\cite{3}.
You meant to type ## instead of #, right?
Or maybe a } was forgotten somewhere earlier, and things
are all screwed up? I'm going to assume that you meant ##.

! Illegal parameter number in definition of \./figures/dataset.png image.
<to be read again> 
                   1
l.88 ....}. All the datas are collected from \cite
                                                  {1}\cite{2}\cite{3}.
You meant to type ## instead of #, right?
Or maybe a } was forgotten somewhere earlier, and things
are all screwed up? I'm going to assume that you meant ##.

)
! Incomplete \iffalse; all text was ignored after line 88.
<inserted text> 
                \fi 
<*> Team2523245_Problem_E.tex
                             
The file ended while I was skipping conditional text.
This kind of error happens when you say `\if...' and forget
the matching `\fi'. I've inserted a `\fi'; this might work.

! Emergency stop.
<*> Team2523245_Problem_E.tex
                             
*** (job aborted, no legal \end found)

 
Here is how much of TeX's memory you used:
 11329 strings out of 474773
 220692 string characters out of 5757730
 1925842 words of memory out of 5000000
 33324 multiletter control sequences out of 15000+600000
 571350 words of font info for 83 fonts, out of 8000000 for 9000
 1348 hyphenation exceptions out of 8191
 83i,11n,131p,835b,335s stack positions out of 10000i,1000n,20000p,200000b,200000s
Output written on Team2523245_Problem_E.pdf (2 pages).
